<?php return array (
  0 => 'Symfony\\Bundle\\FrameworkBundle\\Templating\\GlobalVariables',
  1 => 'Symfony\\Bundle\\FrameworkBundle\\Templating\\TemplateReference',
  2 => 'Symfony\\Bundle\\FrameworkBundle\\Templating\\TemplateNameParser',
  3 => 'Symfony\\Bundle\\FrameworkBundle\\Templating\\Loader\\TemplateLocator',
  4 => 'Symfony\\Component\\HttpFoundation\\ParameterBag',
  5 => 'Symfony\\Component\\HttpFoundation\\HeaderBag',
  6 => 'Symfony\\Component\\HttpFoundation\\FileBag',
  7 => 'Symfony\\Component\\HttpFoundation\\ServerBag',
  8 => 'Symfony\\Component\\HttpFoundation\\Request',
  9 => 'Symfony\\Component\\HttpFoundation\\Response',
  10 => 'Symfony\\Component\\HttpFoundation\\ResponseHeaderBag',
  11 => 'Symfony\\Component\\Config\\FileLocator',
  12 => 'Symfony\\Component\\EventDispatcher\\Event',
  13 => 'Symfony\\Component\\EventDispatcher\\ContainerAwareEventDispatcher',
  14 => 'Symfony\\Component\\HttpKernel\\EventListener\\ResponseListener',
  15 => 'Symfony\\Component\\HttpKernel\\EventListener\\RouterListener',
  16 => 'Symfony\\Component\\HttpKernel\\Controller\\ControllerResolver',
  17 => 'Symfony\\Component\\HttpKernel\\Event\\KernelEvent',
  18 => 'Symfony\\Component\\HttpKernel\\Event\\FilterControllerEvent',
  19 => 'Symfony\\Component\\HttpKernel\\Event\\FilterResponseEvent',
  20 => 'Symfony\\Component\\HttpKernel\\Event\\GetResponseEvent',
  21 => 'Symfony\\Component\\HttpKernel\\Event\\GetResponseForControllerResultEvent',
  22 => 'Symfony\\Component\\HttpKernel\\Event\\GetResponseForExceptionEvent',
  23 => 'Symfony\\Component\\HttpKernel\\KernelEvents',
  24 => 'Symfony\\Component\\HttpKernel\\Config\\FileLocator',
  25 => 'Symfony\\Bundle\\FrameworkBundle\\Controller\\ControllerNameParser',
  26 => 'Symfony\\Bundle\\FrameworkBundle\\Controller\\ControllerResolver',
);